// Jest Snapshot v1, https://goo.gl/fbAQLP

exports[`Async ContentApp ContentApp should match snapshot 1`] = `
<div
  className="css-1cj1k5z"
  closeTimeoutMS={200}
  data-mujo={true}
  isOpen={true}
  onRequestClose={[Function]}
  overlayClassName="mujo-modal css-qcfpiy"
  portalClassName="css-16nllqz"
  shouldCloseOnOverlayClick={true}
>
  <div
    className="css-1gam40h"
    onClick={[Function]}
  >
    <svg
      fill="none"
      height={32}
      icon="close"
      stroke="#EAE2EB"
      strokeLinecap="round"
      strokeLinejoin="round"
      strokeWidth="2"
      viewBox="0 0 24 24"
      width={32}
      xmlns="http://www.w3.org/2000/svg"
    >
      <line
        x1="18"
        x2="6"
        y1="6"
        y2="18"
      />
      <line
        x1="6"
        x2="18"
        y1="6"
        y2="18"
      />
    </svg>
  </div>
  <div
    className="css-pjuhn5"
    data-testid="player"
    onClick={[Function]}
  >
    <svg
      className="css-1fzcj7p"
      version="1.1"
      xmlns="http://www.w3.org/2000/svg"
    >
      <rect
        className="css-11rzsnv"
      />
      <circle
        className="css-ib9x3a"
      />
      <circle
        className="css-3kz0sg"
      />
      <g
        className="css-1itd6tp"
      >
        <text
          className="css-dywesz"
          textAnchor="middle"
          x={120}
          y={128}
        >
          Take a break
        </text>
      </g>
    </svg>
  </div>
  <div
    className="css-ct62jg"
  >
    <p
      className="css-n7s5ks"
    >
      The site 
      localhost
       was actively viewed for
       
      <span
        className="css-1fyhpnh"
      >
        2 milliseconds
      </span>
       
      since your last break. Right now is a good time to take a break
    </p>
    <button
      className="css-1so2x5b"
      onClick={[Function]}
      onMouseEnter={[Function]}
      onMouseLeave={[Function]}
    >
      Edit site timer
    </button>
  </div>
</div>
`;

exports[`ContentApp should match snapshot 1`] = `null`;
